// Jest Snapshot v1, https://goo.gl/fbAQLP

exports[`Colors file Remains Unchanged 1`] = `Object {}`;
