// Jest Snapshot v1, https://goo.gl/fbAQLP

exports[`Interfaces Index file Remains Unchanged 1`] = `Object {}`;
